// Jest Snapshot v1, https://goo.gl/fbAQLP

exports[`renders correctly 1`] = `
<div
  className="calc-container"
>
  <p
    className="result"
  >
    <span>
      0
    </span>
    <span />
    <span />
  </p>
  <button
    className="content-span position"
    name="AC"
    onClick={[Function]}
    type="button"
  >
    AC
  </button>
  <button
    className="content-span position"
    name="+/-"
    onClick={[Function]}
    type="button"
  >
    +/-
  </button>
  <button
    className="content-span position"
    name="%"
    onClick={[Function]}
    type="button"
  >
    %
  </button>
  <button
    className="position aside"
    name="รท"
    onClick={[Function]}
    type="button"
  >
    รท
  </button>
  <button
    className="content-span position"
    name="7"
    onClick={[Function]}
    type="button"
  >
    7
  </button>
  <button
    className="content-span position"
    name="8"
    onClick={[Function]}
    type="button"
  >
    8
  </button>
  <button
    className="content-span position"
    name="9"
    onClick={[Function]}
    type="button"
  >
    9
  </button>
  <button
    className="position aside"
    name="x"
    onClick={[Function]}
    type="button"
  >
    x
  </button>
  <button
    className="content-span position"
    name="4"
    onClick={[Function]}
    type="button"
  >
    4
  </button>
  <button
    className="content-span position"
    name="5"
    onClick={[Function]}
    type="button"
  >
    5
  </button>
  <button
    className="content-span position"
    name="6"
    onClick={[Function]}
    type="button"
  >
    6
  </button>
  <button
    className="position aside"
    name="-"
    onClick={[Function]}
    type="button"
  >
    -
  </button>
  <button
    className="content-span position"
    name="1"
    onClick={[Function]}
    type="button"
  >
    1
  </button>
  <button
    className="content-span position"
    name="2"
    onClick={[Function]}
    type="button"
  >
    2
  </button>
  <button
    className="content-span position"
    name="3"
    onClick={[Function]}
    type="button"
  >
    3
  </button>
  <button
    className="position aside"
    name="+"
    onClick={[Function]}
    type="button"
  >
    +
  </button>
  <button
    className="zero position"
    name="0"
    onClick={[Function]}
    type="button"
  >
    0
  </button>
  <button
    className="content-span position"
    name="."
    onClick={[Function]}
    type="button"
  >
    .
  </button>
  <button
    className="position aside"
    name="="
    onClick={[Function]}
    type="button"
  >
    =
  </button>
</div>
`;
